// Jest Snapshot v1, https://goo.gl/fbAQLP

exports[`MinimalAccordion renders 1`] = `ShallowWrapper {}`;
