// Jest Snapshot v1, https://goo.gl/fbAQLP

exports[`EnhancedAccordion renders 1`] = `ShallowWrapper {}`;
